2026-09-05 10:00:00 INFO 服务启动成功
2026-09-05 10:01:23 ERROR 数据库连接失败: timeout
2026-09-05 10:02:01 WARNING 缓存命中率偏低
2026-09-05 10:03:45 INFO 用户登录: user001
...（INFO/ERROR/WARNING 各来几条）
2026-09-05 11:30:12 ERROR 权限不足: user005
2026-09-05 11:41:18 WARNING 接口 /posts 响应超过 3 秒